// Jest Snapshot v1, https://goo.gl/fbAQLP

exports[`Users Info Card Component Test Users Info Card Component Snapshot 1`] = `
<DocumentFragment>
  <div
    class="grid-card"
  >
    <div
      class="card-icon align-items-center justify-content-center d-flex blue"
    >
      <div />
    </div>
    <div
      class="card-text"
    >
      hello world
    </div>
    <div
      class="card-text-bold"
    >
      hello world
    </div>
  </div>
</DocumentFragment>
`;
